// Jest Snapshot v1, https://goo.gl/fbAQLP

exports[`matches snapshot 1`] = `
<div>
  <div
    data-testid="orders-1"
  >
    The Order Adder App
  </div>
  <div
    className="container"
  >
    <button
      className="btn btn-primary"
      data-testid="add-new-order"
      disabled={false}
      onClick={[Function]}
      type="button"
    >
      Add new order
    </button>
  </div>
  <div
    className="container"
  />
</div>
`;
